============================= test session starts =============================
platform win32 -- Python 3.7.7, pytest-7.4.4, pluggy-1.2.0
rootdir: M:\workspace\antigravity\email_ingest
plugins: anyio-3.7.1, mock-3.11.1
collected 3 items

tests\test_nlp_processor.py ..F                                          [100%]

================================== FAILURES ===================================
________________________ test_nlp_processor_normal_run ________________________

args = ()
keywargs = {'mock_llm_config': LLMProviderConfig(provider_type='openai', model='gpt-3.5-turbo', base_url_env_var=None, api_key_env_var='DUMMY_KEY', max_content_length=100)}
extra_args = [], entered_patchers = []
exc_info = (<class 'AttributeError'>, AttributeError("<module 'modules.nlp_processor' from 'M:\\\\workspace\\\\antigravity\\\\email_ingest\\\\modules\\\\nlp_processor.py'> does not have the attribute 'OpenAI'"), <traceback object at 0x0454CB70>)
patching = <unittest.mock._patch object at 0x03E01CB0>

    @wraps(func)
    def patched(*args, **keywargs):
        extra_args = []
        entered_patchers = []
    
        exc_info = tuple()
        try:
            for patching in patched.patchings:
>               arg = patching.__enter__()

C:\Users\kongj\AppData\Local\Programs\Python\Python37-32\lib\unittest\mock.py:1251: 
_ _ _ _ _ _ _ _ _ _ _ _ _ _ _ _ _ _ _ _ _ _ _ _ _ _ _ _ _ _ _ _ _ _ _ _ _ _ _ _
C:\Users\kongj\AppData\Local\Programs\Python\Python37-32\lib\unittest\mock.py:1323: in __enter__
    original, local = self.get_original()
_ _ _ _ _ _ _ _ _ _ _ _ _ _ _ _ _ _ _ _ _ _ _ _ _ _ _ _ _ _ _ _ _ _ _ _ _ _ _ _

self = <unittest.mock._patch object at 0x03E01CB0>

    def get_original(self):
        target = self.getter()
        name = self.attribute
    
        original = DEFAULT
        local = False
    
        try:
            original = target.__dict__[name]
        except (AttributeError, KeyError):
            original = getattr(target, name, DEFAULT)
        else:
            local = True
    
        if name in _builtins and isinstance(target, ModuleType):
            self.create = True
    
        if not self.create and original is DEFAULT:
            raise AttributeError(
>               "%s does not have the attribute %r" % (target, name)
            )
E           AttributeError: <module 'modules.nlp_processor' from 'M:\\workspace\\antigravity\\email_ingest\\modules\\nlp_processor.py'> does not have the attribute 'OpenAI'

C:\Users\kongj\AppData\Local\Programs\Python\Python37-32\lib\unittest\mock.py:1297: AttributeError
=========================== short test summary info ===========================
FAILED tests/test_nlp_processor.py::test_nlp_processor_normal_run - Attribute...
========================= 1 failed, 2 passed in 0.26s =========================
